[i] Loaded 532 existing domains from domains.csv

============================================================
  BULK DOMAIN COLLECTOR (PARALLEL)
============================================================
  Keywords:          120
  Pages per keyword: 2
  Interval:          2s
  Target:            20,000 unique domains
  Output:            domains.csv
  Starting count:    532 domains
  Parallel searches: 6 at a time
  Mode:              Continuous loop (Ctrl+C to stop)
============================================================

--- Round 1 --- (total: 532 / 20,000)
    [legit casino                       ]   no new
    [horse racing betting               ]   no new
    [high limit                         ]   no new
    [instant withdrawal                 ]   no new
    [slots                              ]   no new
    [high roller casino                 ]   no new
    [blackjack strategy                 ]   no new
    [poker                              ]   no new
    [trusted casino                     ]   no new
    [unibet                             ]   no new
    [minimum deposit casino             ]   no new
    [video poker                        ]   no new
    [casino bonus                       ]   no new
    [andar bahar                        ]   no new
    [baccarat online                    ]   no new
    [casino in goa                      ]   no new
    [blackjack                          ]   no new
    [paddy power                        ]   no new
    [progressive slots                  ]   no new
    [live baccarat                      ]   no new

  [16:34:36] Saved 532/20,000 (2.7%)
  Waiting 2s...

--- Round 2 --- (total: 532 / 20,000)
    [high stakes                        ]   no new
    [bovada                             ]   no new
    [live dealer                        ]   no new
    [bitcoin casino                     ]   no new
    [casino guide                       ]   no new
    [poker tournament                   ]   no new
    [22bet                              ]   no new
    [roulette strategy                  ]   no new
    [casino review                      ]   no new
    [casino site                        ]   no new
    [partypoker                         ]   no new
    [bingo                              ]   no new
    [3 card poker                       ]   no new
    [ladbrokes                          ]   no new
    [fanduel                            ]   no new
    [casino in macau                    ]   no new
    [sports betting                     ]   no new
    [casino UK                          ]   no new
    [casino Canada                      ]   no new
    [crypto casino                      ]   no new

  [16:34:47] Saved 532/20,000 (2.7%)
  Waiting 2s...

--- Round 3 --- (total: 532 / 20,000)
    [poker online                       ]   no new
    [gambling                           ]   no new
    [casino apps                        ]   no new
    [live blackjack                     ]   no new
    [sbobet                             ]   no new
    [poker strategy                     ]   no new
    [draftkings                         ]   no new
    [mobile casino                      ]   no new
    [online slots                       ]   no new
    [top online casinos                 ]   no new
    [betonline                          ]   no new
    [online casino                      ]   no new
    [best casino                        ]   no new
    [vegas casino                       ]   no new
    [football betting                   ]   no new
    [casino sign up bonus               ]   no new
    [how to play casino                 ]   no new
    [poker sites                        ]   no new
    [pai gow                            ]   no new
    [online poker                       ]   no new

  [16:34:57] Saved 532/20,000 (2.7%)
  [!] Reshuffled keywords to find fresh results...
  Waiting 2s...

--- Round 4 --- (total: 532 / 20,000)
    [roulette online                    ]   no new
    [3 card poker                       ]   no new
    [casino games                       ]   no new
    [betting exchange                   ]   no new
    [fast payout casino                 ]   no new
    [caribbean stud                     ]   no new
    [betonline                          ]   no new
    [top online casinos                 ]   no new
    [bitcoin casino                     ]   no new
    [sports betting                     ]   no new
    [casino no deposit                  ]   no new
    [unibet                             ]   no new
    [trusted casino                     ]   no new
    [best online casino                 ]   no new
    [paddy power                        ]   no new
    [blackjack online                   ]   no new
    [online casino reviews              ]   no new
    [new casino                         ]   no new
    [betway                             ]   no new
    [casino Australia                   ]   no new

  [16:35:08] Saved 532/20,000 (2.7%)
  Waiting 2s...

--- Round 5 --- (total: 532 / 20,000)
    [video poker                        ]   no new
    [poker tournament                   ]   no new
    [casino 2026                        ]   no new
    [poker sites                        ]   no new
    [live baccarat                      ]   no new
    [online casino                      ]   no new
    [22bet                              ]   no new
    [draftkings                         ]   no new
    [deposit bonus                      ]   no new
    [slots                              ]   no new
    [play roulette                      ]   no new
    [casino review                      ]   no new
    [no deposit bonus                   ]   no new
    [play blackjack                     ]   no new
    [baccarat                           ]   no new
    [casino site                        ]   no new
    [bingo                              ]   no new
    [online sportsbook                  ]   no new
    [casino apps                        ]   no new
    [live blackjack                     ]   no new

  [16:35:18] Saved 532/20,000 (2.7%)
  Waiting 2s...

--- Round 6 --- (total: 532 / 20,000)
    [progressive slots                  ]   no new
    [low deposit casino                 ]   no new
    [dragon tiger                       ]   no new
    [betus                              ]   no new
    [free casino games                  ]   no new
    [poker                              ]   no new
    [craps                              ]   no new
    [casino UK                          ]   no new
    [casino Germany                     ]   no new
    [bwin                               ]   no new
    [blackjack strategy                 ]   no new
    [roulette                           ]   no new
    [casino welcome bonus               ]   no new
    [live roulette                      ]   no new
    [high limit                         ]   no new
    [blackjack                          ]   no new
    [minimum deposit casino             ]   no new
    [mobile casino                      ]   no new
    [legit casino                       ]   no new
    [online gambling                    ]   no new

  [16:35:29] Saved 532/20,000 (2.7%)
  [!] Reshuffled keywords to find fresh results...
  Waiting 2s...

--- Round 7 --- (total: 532 / 20,000)
    [888casino                          ]   no new
    [casino tournament                  ]   no new
    [high limit                         ]   no new
    [online slots                       ]   no new
    [casino Australia                   ]   no new
    [dragon tiger                       ]   no new
    [casino UK                          ]   no new
    [roulette online                    ]   no new
    [roulette                           ]   no new
    [video poker                        ]   no new
    [casino USA                         ]   no new
    [casino review                      ]   no new
    [betus                              ]   no new
    [casino apps                        ]   no new
    [betting strategy                   ]   no new
    [bitcoin casino                     ]   no new
    [online casino 2026                 ]   no new
    [slot tournament                    ]   no new
    [1xbet                              ]   no new
    [poker tournaments                  ]   no new

  [16:35:40] Saved 532/20,000 (2.7%)
  Waiting 2s...

--- Round 8 --- (total: 532 / 20,000)
    [casino tips                        ]   no new
    [online casino                      ]   no new
    [paddy power                        ]   no new
    [casino 2026                        ]   no new
    [play roulette                      ]   no new
    [3 card poker                       ]   no new
    [sic bo                             ]   no new
    [live blackjack                     ]   no new
    [no deposit bonus                   ]   no new
    [caribbean stud                     ]   no new
    [live casino                        ]   no new
    [casino                             ]   no new
    [baccarat online                    ]   no new
    [deposit bonus                      ]   no new
    [pai gow                            ]   no new
    [high roller casino                 ]   no new
    [casino India                       ]   no new
    [best casino                        ]   no new
    [poker strategy                     ]   no new
    [betting sites                      ]   no new

  [16:35:51] Saved 532/20,000 (2.7%)
  Waiting 2s...

--- Round 9 --- (total: 532 / 20,000)
    [draftkings                         ]   no new
    [22bet                              ]   no new
    [casino welcome bonus               ]   no new
    [betonline                          ]   no new
    [keno                               ]   no new
    [trusted casino                     ]   no new
    [vegas casino                       ]   no new
    [online casino reviews              ]   no new
    [bingo                              ]   no new
    [sports betting                     ]   no new
    [online poker                       ]   no new
    [casino Germany                     ]   no new
    [partypoker                         ]   no new
    [slot machines                      ]   no new
    [blackjack                          ]   no new
    [casino comparison                  ]   no new
    [live baccarat                      ]   no new
    [low deposit casino                 ]   no new
    [crypto casino                      ]   no new
    [live roulette                      ]   no new

  [16:36:01] Saved 532/20,000 (2.7%)
  [!] Reshuffled keywords to find fresh results...
  Waiting 2s...

--- Round 10 --- (total: 532 / 20,000)
    [best online casino                 ]   no new
    [bwin                               ]   no new
    [ladbrokes                          ]   no new
    [live blackjack                     ]   no new
    [jackpot                            ]   no new
    [betting exchange                   ]   no new
    [casino Australia                   ]   no new
    [online gambling                    ]   no new
    [online casino                      ]   no new
    [casino comparison                  ]   no new
    [live casino                        ]   no new
    [pai gow                            ]   no new
    [betonline                          ]   no new
    [fast payout casino                 ]   no new
    [no deposit bonus                   ]   no new
    [casino games                       ]   no new
    [slots                              ]   no new
    [casino tips                        ]   no new
    [slot tournament                    ]   no new
    [progressive slots                  ]   no new

  [16:36:13] Saved 532/20,000 (2.7%)
  Waiting 2s...

--- Round 11 --- (total: 532 / 20,000)
    [baccarat online                    ]   no new
    [partypoker                         ]   no new
    [poker tournament                   ]   no new
    [casino                             ]   no new
    [live roulette                      ]   no new
    [poker tournaments                  ]   no new
    [casino review                      ]   no new
    [keno                               ]   no new
    [high stakes                        ]   no new
    [bovada                             ]   no new
    [betting sites                      ]   no new
    [lottery                            ]   no new
    [poker online                       ]   no new
    [casino Canada                      ]   no new
    [casino USA                         ]   no new
    [deposit bonus                      ]   no new
    [pokerstars                         ]   no new
    [poker sites                        ]   no new
    [betus                              ]   no new
    [slot machines                      ]   no new

  [16:36:23] Saved 532/20,000 (2.7%)
  Waiting 2s...

--- Round 12 --- (total: 532 / 20,000)
    [casino Germany                     ]   no new
    [free spins                         ]   no new
    [minimum deposit casino             ]   no new
    [22bet                              ]   no new
    [live dealer                        ]   no new
    [paddy power                        ]   no new
    [how to play casino                 ]   no new
    [craps                              ]   no new
    [best casino                        ]   no new
    [poker strategy                     ]   no new
    [high limit                         ]   no new
    [crypto casino                      ]   no new
    [casino in macau                    ]   no new
    [casino bonus                       ]   no new
    [bingo                              ]   no new
    [live baccarat                      ]   no new
    [online casino 2026                 ]   no new
    [high roller casino                 ]   no new
    [casino welcome bonus               ]   no new
    [betting strategy                   ]   no new

  [16:36:33] Saved 532/20,000 (2.7%)
  [!] Reshuffled keywords to find fresh results...
  Waiting 2s...

--- Round 13 --- (total: 532 / 20,000)
    [poker strategy                     ]   no new
    [casino comparison                  ]   no new
    [live dealer                        ]   no new
    [online casino                      ]   no new
    [instant withdrawal                 ]   no new
    [casino review                      ]   no new
    [live blackjack                     ]   no new
    [gambling                           ]   no new
    [teen patti                         ]   no new
    [play roulette                      ]   no new
    [trusted casino                     ]   no new
    [dragon tiger                       ]   no new
    [mobile casino                      ]   no new
    [casino bonus                       ]   no new
    [andar bahar                        ]   no new
    [play blackjack                     ]   no new
    [betfair                            ]   no new
    [casino Germany                     ]   no new
    [casino sign up bonus               ]   no new
    [poker sites                        ]   no new

  [16:36:44] Saved 532/20,000 (2.7%)
  Waiting 2s...

--- Round 14 --- (total: 532 / 20,000)
    [betonline                          ]   no new
    [slots                              ]   no new
    [vip casino                         ]   no new
    [bingo                              ]   no new
    [casino guide                       ]   no new
    [lottery                            ]   no new
    [jackpot                            ]   no new
    [craps                              ]   no new
    [free casino games                  ]   no new
    [casino tips                        ]   no new
    [poker tournament                   ]   no new
    [fast payout casino                 ]   no new
    [betting exchange                   ]   no new
    [casino no deposit                  ]   no new
    [casino welcome bonus               ]   no new
    [play slots                         ]   no new
    [online casino reviews              ]   no new
    [888casino                          ]   no new
    [william hill                       ]   no new
    [blackjack online                   ]   no new

  [16:36:54] Saved 532/20,000 (2.7%)
  Waiting 2s...

--- Round 15 --- (total: 532 / 20,000)
    [free spins                         ]   no new
    [low deposit casino                 ]   no new
    [betway                             ]   no new
    [bovada                             ]   no new
    [casino tournament                  ]   no new
    [3 card poker                       ]   no new
    [roulette online                    ]   no new
    [casino in goa                      ]   no new
    [partypoker                         ]   no new
    [slot machines                      ]   no new
    [paddy power                        ]   no new
    [casino site                        ]   no new
    [unibet                             ]   no new
    [online casino 2026                 ]   no new
    [bet365                             ]   no new
    [vegas casino                       ]   no new
    [live roulette                      ]   no new
    [blackjack strategy                 ]   no new
    [legit casino                       ]   no new
    [top online casinos                 ]   no new

  [16:37:04] Saved 532/20,000 (2.7%)
  [!] Reshuffled keywords to find fresh results...
  Waiting 2s...

--- Round 16 --- (total: 532 / 20,000)
    [online casino reviews              ]   no new
    [fanduel                            ]   no new
    [casino Australia                   ]   no new
    [high roller casino                 ]   no new
    [roulette                           ]   no new
    [play slots                         ]   no new
    [minimum deposit casino             ]   no new
    [how to play casino                 ]   no new
    [deposit bonus                      ]   no new
    [free casino games                  ]   no new
    [betonline                          ]   no new
    [online poker                       ]   no new
    [bet365                             ]   no new
    [keno                               ]   no new
    [best casino                        ]   no new
    [sbobet                             ]   no new
    [online sportsbook                  ]   no new
    [bovada                             ]   no new
    [jackpot                            ]   no new
    [mobile casino                      ]   no new

  [16:37:14] Saved 532/20,000 (2.7%)
  Waiting 2s...

--- Round 17 --- (total: 532 / 20,000)
    [play roulette                      ]   no new
    [casino in goa                      ]   no new
    [pai gow                            ]   no new
    [slot machines                      ]   no new
    [1xbet                              ]   no new
    [casino Germany                     ]   no new
    [casino                             ]   no new
    [trusted casino                     ]   no new
    [football betting                   ]   no new
    [casino site                        ]   no new
    [legit casino                       ]   no new
    [3 card poker                       ]   no new
    [casino USA                         ]   no new
    [poker online                       ]   no new
    [ladbrokes                          ]   no new
    [vegas casino                       ]   no new
    [bingo                              ]   no new
    [slots                              ]   no new
    [live baccarat                      ]   no new
    [sports betting                     ]   no new

  [16:37:24] Saved 532/20,000 (2.7%)
  Waiting 2s...

--- Round 18 --- (total: 532 / 20,000)
    [dragon tiger                       ]   no new
    [casino tournament                  ]   no new
    [crypto casino                      ]   no new
    [poker strategy                     ]   no new
    [casino tips                        ]   no new
    [888casino                          ]   no new
    [bwin                               ]   no new
    [betting strategy                   ]   no new
    [caribbean stud                     ]   no new
    [bitcoin casino                     ]   no new
    [vip casino                         ]   no new
    [casino review                      ]   no new
    [casino Canada                      ]   no new
    [welcome bonus                      ]   no new
    [slot tournament                    ]   no new
    [gambling site                      ]   no new
    [low deposit casino                 ]   no new
    [online slots                       ]   no new
    [roulette online                    ]   no new
    [betting sites                      ]   no new

  [16:37:34] Saved 532/20,000 (2.7%)
  [!] Reshuffled keywords to find fresh results...
  Waiting 2s...

--- Round 19 --- (total: 532 / 20,000)
    [poker                              ]   no new
    [live casino                        ]   no new
    [casino Germany                     ]   no new
    [live roulette                      ]   no new
    [gambling                           ]   no new
    [slots                              ]   no new
    [vip casino                         ]   no new
    [andar bahar                        ]   no new
    [poker strategy                     ]   no new
    [online casino 2026                 ]   no new
    [casino                             ]   no new
    [casino UK                          ]   no new
    [888casino                          ]   no new
    [fast payout casino                 ]   no new
    [blackjack                          ]   no new
    [casino in macau                    ]   no new
    [online slots                       ]   no new
    [live dealer                        ]   no new
    [poker tournaments                  ]   no new
    [casino 2026                        ]   no new

  [16:37:44] Saved 532/20,000 (2.7%)
  Waiting 2s...

--- Round 20 --- (total: 532 / 20,000)
    [teen patti                         ]   no new
    [casino apps                        ]   no new
    [draftkings                         ]   no new
    [casino tips                        ]   no new
    [video poker                        ]   no new
    [casino Australia                   ]   no new
    [betting sites                      ]   no new
    [casino review                      ]   no new
    [bwin                               ]   no new
    [high stakes                        ]   no new
    [slot machines                      ]   no new
    [unibet                             ]   no new
    [legit casino                       ]   no new
    [blackjack strategy                 ]   no new
    [betfair                            ]   no new
    [welcome bonus                      ]   no new
    [casino guide                       ]   no new
    [sic bo                             ]   no new
    [play roulette                      ]   no new
    [lottery                            ]   no new

  [16:37:53] Saved 532/20,000 (2.7%)
  Waiting 2s...

--- Round 21 --- (total: 532 / 20,000)
    [best online casino                 ]   no new
    [blackjack online                   ]   no new
    [craps                              ]   no new
    [online gambling                    ]   no new
    [free spins                         ]   no new
    [high limit                         ]   no new
    [casino USA                         ]   no new
    [best casino                        ]   no new
    [pai gow                            ]   no new
    [new casino                         ]   no new
    [high roller casino                 ]   no new
    [fanduel                            ]   no new
    [betting strategy                   ]   no new
    [online poker                       ]   no new
    [instant withdrawal                 ]   no new
    [trusted casino                     ]   no new
    [live blackjack                     ]   no new
    [football betting                   ]   no new
    [betonline                          ]   no new
    [online casino reviews              ]   no new

  [16:38:04] Saved 532/20,000 (2.7%)
  [!] Reshuffled keywords to find fresh results...
  Waiting 2s...

--- Round 22 --- (total: 532 / 20,000)
    [bovada                             ]   no new
    [best online casino                 ]   no new
    [teen patti                         ]   no new
    [casino tips                        ]   no new
    [trusted casino                     ]   no new
    [high stakes                        ]   no new
    [betting sites                      ]   no new
    [online casino reviews              ]   no new
    [play blackjack                     ]   no new
    [sic bo                             ]   no new
    [unibet                             ]   no new
    [fast payout casino                 ]   no new
    [online poker                       ]   no new
    [888casino                          ]   no new
    [slot tournament                    ]   no new
    [online slots                       ]   no new
    [draftkings                         ]   no new
    [pokerstars                         ]   no new
    [live blackjack                     ]   no new
    [blackjack online                   ]   no new

  [16:38:14] Saved 532/20,000 (2.7%)
  Waiting 2s...

--- Round 23 --- (total: 532 / 20,000)
    [how to play casino                 ]   no new
    [casino in goa                      ]   no new
    [poker tournament                   ]   no new
    [roulette online                    ]   no new
    [betonline                          ]   no new
    [casino bonus                       ]   no new
    [betting strategy                   ]   no new
    [casino sign up bonus               ]   no new
    [mobile casino                      ]   no new
    [deposit bonus                      ]   no new
    [poker sites                        ]   no new
    [high limit                         ]   no new
    [bingo                              ]   no new
    [lottery                            ]   no new
    [roulette                           ]   no new
    [casino welcome bonus               ]   no new
    [video poker                        ]   no new
    [minimum deposit casino             ]   no new
    [best casino                        ]   no new
    [crypto casino                      ]   no new

  [16:38:25] Saved 532/20,000 (2.7%)
  Waiting 2s...

--- Round 24 --- (total: 532 / 20,000)
    [gambling site                      ]   no new
    [betway                             ]   no new
    [22bet                              ]   no new
    [casino comparison                  ]   no new
    [online sportsbook                  ]   no new
    [ladbrokes                          ]   no new
    [play roulette                      ]   no new
    [high roller casino                 ]   no new
    [jackpot                            ]   no new
    [low deposit casino                 ]   no new
    [free spins                         ]   no new
    [top online casinos                 ]   no new
    [instant withdrawal                 ]   no new
    [baccarat online                    ]   no new
    [online casino                      ]   no new
    [craps                              ]   no new
    [casino guide                       ]   no new
    [betus                              ]   no new
    [3 card poker                       ]   no new
    [slots                              ]   no new

  [16:38:35] Saved 532/20,000 (2.7%)
  [!] Reshuffled keywords to find fresh results...
  Waiting 2s...

--- Round 25 --- (total: 532 / 20,000)
    [gambling                           ]   no new
    [casino apps                        ]   no new
    [bwin                               ]   no new
    [casino site                        ]   no new
    [no deposit bonus                   ]   no new
    [casino India                       ]   no new
    [casino games                       ]   no new
    [play blackjack                     ]   no new
    [keno                               ]   no new
    [pokerstars                         ]   no new
    [casino                             ]   no new
    [online sportsbook                  ]   no new
    [pai gow                            ]   no new
    [roulette strategy                  ]   no new
    [casino in goa                      ]   no new
    [free spins                         ]   no new
    [gambling site                      ]   no new
    [play slots                         ]   no new
    [best casino                        ]   no new
    [william hill                       ]   no new

  [16:38:45] Saved 532/20,000 (2.7%)
  Waiting 2s...

--- Round 26 --- (total: 532 / 20,000)
    [casino bonus                       ]   no new
    [high limit                         ]   no new
    [poker online                       ]   no new
    [dragon tiger                       ]   no new
    [video poker                        ]   no new
    [3 card poker                       ]   no new
    [poker strategy                     ]   no new
    [online slots                       ]   no new
    [betfair                            ]   no new
    [top online casinos                 ]   no new
    [casino tournament                  ]   no new
    [casino 2026                        ]   no new
    [caribbean stud                     ]   no new
    [casino guide                       ]   no new
    [ladbrokes                          ]   no new
    [andar bahar                        ]   no new
    [progressive slots                  ]   no new
    [22bet                              ]   no new
    [sic bo                             ]   no new
    [online casino 2026                 ]   no new

  [16:39:00] Saved 532/20,000 (2.7%)
  Waiting 2s...

--- Round 27 --- (total: 532 / 20,000)
    [unibet                             ]   no new
    [bitcoin casino                     ]   no new
    [vegas casino                       ]   no new
    [minimum deposit casino             ]   no new
    [slot tournament                    ]   no new
    [slot machines                      ]   no new
    [play roulette                      ]   no new
    [casino in macau                    ]   no new
    [sbobet                             ]   no new
    [draftkings                         ]   no new
    [online gambling                    ]   no new
    [casino no deposit                  ]   no new
    [mobile casino                      ]   no new
    [live roulette                      ]   no new
    [fast payout casino                 ]   no new
    [poker tournaments                  ]   no new
    [casino review                      ]   no new
    [online casino reviews              ]   no new
    [craps                              ]   no new
    [casino comparison                  ]   no new

  [16:39:10] Saved 532/20,000 (2.7%)
  [!] Reshuffled keywords to find fresh results...
  Waiting 2s...

--- Round 28 --- (total: 532 / 20,000)
    [casino                             ]   no new
    [betfair                            ]   no new
    [play blackjack                     ]   no new
    [vegas casino                       ]   no new
    [vip casino                         ]   no new
    [high roller casino                 ]   no new
    [crypto casino                      ]   no new
    [legit casino                       ]   no new
    [poker strategy                     ]   no new
    [casino UK                          ]   no new
    [live dealer                        ]   no new
    [online casino                      ]   no new
    [casino apps                        ]   no new
    [draftkings                         ]   no new
    [slot tournament                    ]   no new
    [gambling site                      ]   no new
    [betting strategy                   ]   no new
    [bingo                              ]   no new
    [play slots                         ]   no new
    [poker sites                        ]   no new

  [16:39:22] Saved 532/20,000 (2.7%)
  Waiting 2s...

--- Round 29 --- (total: 532 / 20,000)
    [slot machines                      ]   no new
    [welcome bonus                      ]   no new
    [casino 2026                        ]   no new
    [william hill                       ]   no new
    [partypoker                         ]   no new
    [minimum deposit casino             ]   no new
    [how to play casino                 ]   no new
    [betway                             ]   no new
    [unibet                             ]   no new
    [casino games                       ]   no new
    [casino sign up bonus               ]   no new
    [low deposit casino                 ]   no new