[i] Loaded 533 existing domains from domains.csv

============================================================
  BULK DOMAIN COLLECTOR (PARALLEL)
============================================================
  Keywords:          120
  Pages per keyword: 2
  Interval:          2s
  Target:            20,000 unique domains
  Output:            domains.csv
  Starting count:    533 domains
  Parallel searches: 6 at a time
  Mode:              Continuous loop (Ctrl+C to stop)
============================================================

--- Round 1 --- (total: 533 / 20,000)
    [trusted casino                     ]   no new
    [bingo                              ]   no new
    [lottery                            ]   no new
    [best casino                        ]   no new
    [baccarat                           ]   no new
    [casino guide                       ]   no new
    [22bet                              ]   no new
    [poker tournament                   ]   no new
    [casino                             ]   no new
    [bet365                             ]   no new
    [fanduel                            ]   no new
    [poker sites                        ]   no new
    [andar bahar                        ]   no new
    [poker tournaments                  ]   no new
    [poker                              ]   no new
    [casino games                       ]   no new
    [casino welcome bonus               ]   no new
    [3 card poker                       ]   no new
    [fast payout casino                 ]   no new
    [pai gow                            ]   no new

  [16:45:00] Saved 533/20,000 (2.7%)
  Waiting 2s...

--- Round 2 --- (total: 533 / 20,000)
    [horse racing betting               ]   no new
    [dragon tiger                       ]   no new
    [casino review                      ]   no new
    [ladbrokes                          ]   no new
    [casino 2026                        ]   no new
    [casino USA                         ]   no new
    [mobile casino                      ]   no new
    [gambling                           ]   no new
    [free casino games                  ]   no new
    [jackpot                            ]   no new
    [casino France                      ]   no new
    [video poker                        ]   no new
    [top online casinos                 ]   no new
    [sic bo                             ]   no new
    [casino Australia                   ]   no new
    [slots                              ]   no new
    [betus                              ]   no new
    [online sportsbook                  ]   no new
    [betfair                            ]   no new
    [instant withdrawal                 ]   no new

  [16:45:11] Saved 533/20,000 (2.7%)
  Waiting 2s...

--- Round 3 --- (total: 533 / 20,000)
    [blackjack strategy                 ]   no new
    [live roulette                      ]   no new
    [progressive slots                  ]   no new
    [keno                               ]   no new
    [poker strategy                     ]   no new
    [live blackjack                     ]   no new
    [betting strategy                   ]   no new
    [how to play casino                 ]   no new
    [caribbean stud                     ]   no new
    [welcome bonus                      ]   no new
    [unibet                             ]   no new
    [low deposit casino                 ]   no new
    [live dealer                        ]   no new
    [roulette                           ]   no new
    [online casino 2026                 ]   no new
    [pokerstars                         ]   no new
    [casino in goa                      ]   no new
    [casino Canada                      ]   no new
    [sbobet                             ]   no new
    [high roller casino                 ]   no new

  [16:45:23] Saved 533/20,000 (2.7%)
  [!] Reshuffled keywords to find fresh results...
  Waiting 2s...

--- Round 4 --- (total: 533 / 20,000)
    [888casino                          ]   no new
    [play slots                         ]   no new
    [casino tips                        ]   no new
    [bovada                             ]   no new
    [casino sign up bonus               ]   no new
    [ladbrokes                          ]   no new
    [betonline                          ]   no new
    [casino site                        ]   no new
    [roulette online                    ]   no new
    [casino in macau                    ]   no new
    [slot tournament                    ]   no new
    [partypoker                         ]   no new
    [crypto casino                      ]   no new
    [poker online                       ]   no new
    [fanduel                            ]   no new
    [progressive slots                  ]   no new
    [paddy power                        ]   no new
    [22bet                              ]   no new
    [teen patti                         ]   no new
    [casino comparison                  ]   no new

  [16:45:34] Saved 533/20,000 (2.7%)
  Waiting 2s...

--- Round 5 --- (total: 533 / 20,000)
    [casino apps                        ]   no new
    [live dealer                        ]   no new
    [bingo                              ]   no new
    [casino Australia                   ]   no new
    [casino USA                         ]   no new
    [top online casinos                 ]   no new
    [online poker                       ]   no new
    [sbobet                             ]   no new
    [casino bonus                       ]   no new
    [low deposit casino                 ]   no new
    [casino UK                          ]   no new
    [bet365                             ]   no new
    [deposit bonus                      ]   no new
    [dragon tiger                       ]   no new
    [casino games                       ]   no new
    [minimum deposit casino             ]   no new
    [online slots                       ]   no new
    [blackjack strategy                 ]   no new
    [high limit                         ]   no new
    [vegas casino                       ]   no new

  [16:45:45] Saved 533/20,000 (2.7%)
  Waiting 2s...

--- Round 6 --- (total: 533 / 20,000)
    [live casino                        ]   no new
    [fast payout casino                 ]   no new
    [andar bahar                        ]   no new
    [online gambling                    ]   no new
    [casino in goa                      ]   no new
    [lottery                            ]   no new
    [poker                              ]   no new
    [blackjack online                   ]   no new
    [roulette strategy                  ]   no new
    [william hill                       ]   no new
    [video poker                        ]   no new
    [draftkings                         ]   no new
    [gambling site                      ]   no new
    [new casino                         ]   no new
    [poker strategy                     ]   no new
    [poker tournament                   ]   no new
    [bitcoin casino                     ]   no new
    [casino India                       ]   no new
    [welcome bonus                      ]   no new
    [legit casino                       ]   no new

  [16:45:55] Saved 533/20,000 (2.7%)
  [!] Reshuffled keywords to find fresh results...
  Waiting 2s...

--- Round 7 --- (total: 533 / 20,000)
    [bovada                             ]   no new
    [draftkings                         ]   no new
    [casino 2026                        ]   no new
    [low deposit casino                 ]   no new
    [casino site                        ]   no new
    [blackjack strategy                 ]   no new
    [andar bahar                        ]   no new
    [22bet                              ]   no new
    [crypto casino                      ]   no new
    [best online casino                 ]   no new
    [partypoker                         ]   no new
    [trusted casino                     ]   no new
    [paddy power                        ]   no new
    [casino welcome bonus               ]   no new
    [fast payout casino                 ]   no new
    [betting strategy                   ]   no new
    [betfair                            ]   no new
    [dragon tiger                       ]   no new
    [casino comparison                  ]   no new
    [casino no deposit                  ]   no new

  [16:46:07] Saved 533/20,000 (2.7%)
  Waiting 2s...

--- Round 8 --- (total: 533 / 20,000)
    [3 card poker                       ]   no new
    [poker                              ]   no new
    [betway                             ]   no new
    [betting exchange                   ]   no new
    [slots                              ]   no new
    [poker tournaments                  ]   no new
    [lottery                            ]   no new
    [live casino                        ]   no new
    [william hill                       ]   no new
    [slot tournament                    ]   no new
    [gambling                           ]   no new
    [casino UK                          ]   no new
    [no deposit bonus                   ]   no new
    [caribbean stud                     ]   no new
    [live baccarat                      ]   no new
    [poker strategy                     ]   no new
    [casino review                      ]   no new
    [casino France                      ]   no new
    [high limit                         ]   no new
    [vip casino                         ]   no new

  [16:46:18] Saved 533/20,000 (2.7%)
  Waiting 2s...

--- Round 9 --- (total: 533 / 20,000)
    [casino Canada                      ]   no new
    [horse racing betting               ]   no new
    [online gambling                    ]   no new
    [progressive slots                  ]   no new
    [sports betting                     ]   no new
    [casino in goa                      ]   no new
    [roulette online                    ]   no new
    [vegas casino                       ]   no new
    [top online casinos                 ]   no new
    [bitcoin casino                     ]   no new
    [welcome bonus                      ]   no new
    [ladbrokes                          ]   no new
    [high stakes                        ]   no new
    [poker sites                        ]   no new
    [1xbet                              ]   no new
    [baccarat                           ]   no new
    [casino Germany                     ]   no new
    [casino                             ]   no new
    [how to play casino                 ]   no new
    [betting sites                      ]   no new

  [16:46:29] Saved 533/20,000 (2.7%)
  [!] Reshuffled keywords to find fresh results...
  Waiting 2s...

--- Round 10 --- (total: 533 / 20,000)
    [play slots                         ]   no new
    [bwin                               ]   no new
    [ladbrokes                          ]   no new
    [betus                              ]   no new
    [poker                              ]   no new
    [paddy power                        ]   no new
    [trusted casino                     ]   no new
    [no deposit bonus                   ]   no new
    [deposit bonus                      ]   no new
    [online casino reviews              ]   no new
    [bet365                             ]   no new
    [casino in macau                    ]   no new
    [live dealer                        ]   no new
    [1xbet                              ]   no new
    [play roulette                      ]   no new
    [free spins                         ]   no new
    [high roller casino                 ]   no new
    [slot tournament                    ]   no new
    [casino games                       ]   no new
    [casino Germany                     ]   no new

  [16:46:40] Saved 533/20,000 (2.7%)
  Waiting 2s...

--- Round 11 --- (total: 533 / 20,000)
    [online casino 2026                 ]   no new
    [partypoker                         ]   no new
    [blackjack online                   ]   no new
    [poker tournaments                  ]   no new
    [low deposit casino                 ]   no new
    [casino Canada                      ]   no new
    [gambling                           ]   no new
    [live baccarat                      ]   no new
    [bingo                              ]   no new
    [betway                             ]   no new
    [casino sign up bonus               ]   no new
    [blackjack                          ]   no new
    [online gambling                    ]   no new
    [william hill                       ]   no new
    [betonline                          ]   no new
    [fast payout casino                 ]   no new
    [craps                              ]   no new
    [dragon tiger                       ]   no new
    [casino review                      ]   no new
    [crypto casino                      ]   no new

  [16:46:50] Saved 533/20,000 (2.7%)
  Waiting 2s...

--- Round 12 --- (total: 533 / 20,000)
    [live casino                        ]   no new
    [casino 2026                        ]   no new
    [casino guide                       ]   no new
    [high stakes                        ]   no new
    [casino France                      ]   no new
    [lottery                            ]   no new
    [slot machines                      ]   no new
    [baccarat online                    ]   no new
    [live blackjack                     ]   no new
    [casino tips                        ]   no new
    [top online casinos                 ]   no new
    [vegas casino                       ]   no new
    [poker tournament                   ]   no new
    [casino tournament                  ]   no new
    [draftkings                         ]   no new
    [minimum deposit casino             ]   no new
    [football betting                   ]   no new
    [casino in goa                      ]   no new
    [welcome bonus                      ]   no new
    [casino India                       ]   no new

  [16:47:01] Saved 533/20,000 (2.7%)
  [!] Reshuffled keywords to find fresh results...
  Waiting 2s...

--- Round 13 --- (total: 533 / 20,000)
    [casino welcome bonus               ]   no new
    [caribbean stud                     ]   no new
    [progressive slots                  ]   no new
    [poker online                       ]   no new
    [high stakes                        ]   no new
    [unibet                             ]   no new
    [casino tips                        ]   no new
    [video poker                        ]   no new
    [casino                             ]   no new
    [legit casino                       ]   no new
    [bovada                             ]   no new
    [fanduel                            ]   no new
    [casino India                       ]   no new
    [poker tournament                   ]   no new
    [fast payout casino                 ]   no new
    [how to play casino                 ]   no new
    [betting exchange                   ]   no new
    [betfair                            ]   no new
    [casino apps                        ]   no new
    [roulette strategy                  ]   no new

  [16:47:12] Saved 533/20,000 (2.7%)
  Waiting 2s...

--- Round 14 --- (total: 533 / 20,000)
    [play blackjack                     ]   no new
    [slots                              ]   no new
    [casino games                       ]   no new
    [best online casino                 ]   no new
    [slot machines                      ]   no new
    [vip casino                         ]   no new
    [welcome bonus                      ]   no new
    [high limit                         ]   no new
    [high roller casino                 ]   no new
    [teen patti                         ]   no new
    [sic bo                             ]   no new
    [play slots                         ]   no new
    [horse racing betting               ]   no new
    [casino Canada                      ]   no new
    [bwin                               ]   no new
    [bingo                              ]   no new
    [ladbrokes                          ]   no new
    [casino Australia                   ]   no new
    [poker strategy                     ]   no new
    [no deposit bonus                   ]   no new

  [16:47:23] Saved 533/20,000 (2.7%)
  Waiting 2s...

--- Round 15 --- (total: 533 / 20,000)
    [1xbet                              ]   no new
    [3 card poker                       ]   no new
    [new casino                         ]   no new
    [casino no deposit                  ]   no new
    [bitcoin casino                     ]   no new
    [gambling site                      ]   no new
    [casino France                      ]   no new
    [casino in goa                      ]   no new
    [pokerstars                         ]   no new
    [888casino                          ]   no new
    [poker                              ]   no new
    [sbobet                             ]   no new
    [crypto casino                      ]   no new
    [live dealer                        ]   no new
    [partypoker                         ]   no new
    [vegas casino                       ]   no new
    [mobile casino                      ]   no new
    [casino site                        ]   no new
    [dragon tiger                       ]   no new
    [betting sites                      ]   no new

  [16:47:35] Saved 533/20,000 (2.7%)
  [!] Reshuffled keywords to find fresh results...
  Waiting 2s...

--- Round 16 --- (total: 533 / 20,000)
    [no deposit bonus                   ]   no new
    [casino in goa                      ]   no new
    [casino Canada                      ]   no new
    [22bet                              ]   no new
    [caribbean stud                     ]   no new
    [betting sites                      ]   no new
    [bitcoin casino                     ]   no new
    [online slots                       ]   no new
    [gambling                           ]   no new
    [casino tournament                  ]   no new
    [high roller casino                 ]   no new
    [paddy power                        ]   no new
    [progressive slots                  ]   no new
    [video poker                        ]   no new
    [casino Australia                   ]   no new
    [online casino reviews              ]   no new
    [instant withdrawal                 ]   no new
    [low deposit casino                 ]   no new
    [trusted casino                     ]   no new
    [bwin                               ]   no new

  [16:47:45] Saved 533/20,000 (2.7%)
  Waiting 2s...

--- Round 17 --- (total: 533 / 20,000)
    [betus                              ]   no new
    [jackpot                            ]   no new
    [betfair                            ]   no new
    [live roulette                      ]   no new
    [casino UK                          ]   no new
    [online gambling                    ]   no new
    [roulette online                    ]   no new
    [bovada                             ]   no new
    [how to play casino                 ]   no new
    [craps                              ]   no new
    [keno                               ]   no new
    [deposit bonus                      ]   no new
    [roulette strategy                  ]   no new
    [blackjack online                   ]   no new
    [vegas casino                       ]   no new
    [casino Germany                     ]   no new
    [sports betting                     ]   no new
    [mobile casino                      ]   no new
    [betonline                          ]   no new
    [sbobet                             ]   no new

  [16:47:56] Saved 533/20,000 (2.7%)
  Waiting 2s...

--- Round 18 --- (total: 533 / 20,000)
    [casino no deposit                  ]   no new
    [best casino                        ]   no new
    [free spins                         ]   no new
    [fast payout casino                 ]   no new
    [legit casino                       ]   no new
    [high stakes                        ]   no new
    [casino                             ]   no new
    [1xbet                              ]   no new
    [online poker                       ]   no new
    [teen patti                         ]   no new
    [casino France                      ]   no new
    [gambling site                      ]   no new
    [pokerstars                         ]   no new
    [best online casino                 ]   no new
    [casino bonus                       ]   no new
    [partypoker                         ]   no new
    [betting exchange                   ]   no new
    [play roulette                      ]   no new
    [dragon tiger                       ]   no new
    [poker sites                        ]   no new

  [16:48:06] Saved 533/20,000 (2.7%)
  [!] Reshuffled keywords to find fresh results...
  Waiting 2s...

--- Round 19 --- (total: 533 / 20,000)
    [casino no deposit                  ]   no new
    [football betting                   ]   no new
    [betting exchange                   ]   no new
    [casino bonus                       ]   no new
    [low deposit casino                 ]   no new
    [baccarat online                    ]   no new
    [slot tournament                    ]   no new
    [online gambling                    ]   no new
    [casino UK                          ]   no new
    [casino Canada                      ]   no new
    [betonline                          ]   no new
    [online poker                       ]   no new
    [live blackjack                     ]   no new
    [jackpot                            ]   no new
    [free spins                         ]   no new
    [casino guide                       ]   no new
    [live baccarat                      ]   no new
    [progressive slots                  ]   no new
    [live roulette                      ]   no new
    [teen patti                         ]   no new

  [16:48:17] Saved 533/20,000 (2.7%)
  Waiting 2s...

--- Round 20 --- (total: 533 / 20,000)
    [high stakes                        ]   no new
    [high limit                         ]   no new
    [casino apps                        ]   no new
    [pokerstars                         ]   no new
    [live casino                        ]   no new
    [betus                              ]   no new
    [pai gow                            ]   no new
    [slot machines                      ]   no new
    [sbobet                             ]   no new
    [gambling                           ]   no new
    [casino in goa                      ]   no new
    [casino USA                         ]   no new
    [keno                               ]   no new
    [bet365                             ]   no new
    [3 card poker                       ]   no new
    [mobile casino                      ]   no new
    [fanduel                            ]   no new
    [casino France                      ]   no new
    [video poker                        ]   no new
    [instant withdrawal                 ]   no new

  [16:48:28] Saved 533/20,000 (2.7%)
  Waiting 2s...

--- Round 21 --- (total: 533 / 20,000)
    [roulette                           ]   no new
    [casino site                        ]   no new
    [partypoker                         ]   no new
    [slots                              ]   no new
    [bitcoin casino                     ]   no new
    [poker                              ]   no new
    [draftkings                         ]   no new
    [play roulette                      ]   no new
    [top online casinos                 ]   no new
    [sports betting                     ]   no new
    [casino 2026                        ]   no new
    [casino in macau                    ]   no new
    [baccarat                           ]   no new
    [sic bo                             ]   no new
    [unibet                             ]   no new
    [blackjack strategy                 ]   no new
    [poker online                       ]   no new
    [888casino                          ]   no new
    [vip casino                         ]   no new
    [caribbean stud                     ]   no new

  [16:48:39] Saved 533/20,000 (2.7%)
  [!] Reshuffled keywords to find fresh results...
  Waiting 2s...

--- Round 22 --- (total: 533 / 20,000)
    [casino Germany                     ]   no new
    [sic bo                             ]   no new
    [slots                              ]   no new
    [bwin                               ]   no new
    [partypoker                         ]   no new
    [baccarat online                    ]   no new
    [live blackjack                     ]   no new
    [fast payout casino                 ]   no new
    [deposit bonus                      ]   no new
    [online casino 2026                 ]   no new
    [william hill                       ]   no new
    [vip casino                         ]   no new
    [play slots                         ]   no new
    [roulette strategy                  ]   no new
    [casino site                        ]   no new
    [casino France                      ]   no new
    [blackjack strategy                 ]   no new
    [betting sites                      ]   no new
    [poker tournaments                  ]   no new
    [888casino                          ]   no new

  [16:48:49] Saved 533/20,000 (2.7%)
  Waiting 2s...

--- Round 23 --- (total: 533 / 20,000)
    [craps                              ]   no new
    [horse racing betting               ]   no new
    [how to play casino                 ]   no new
    [casino games                       ]   no new
    [live roulette                      ]   no new
    [betting strategy                   ]   no new
    [casino welcome bonus               ]   no new
    [caribbean stud                     ]   no new
    [football betting                   ]   no new
    [teen patti                         ]   no new
    [casino Canada                      ]   no new
    [casino tournament                  ]   no new
    [best casino                        ]   no new
    [ladbrokes                          ]   no new
    [casino review                      ]   no new
    [new casino                         ]   no new
    [online poker                       ]   no new
    [poker                              ]   no new
    [progressive slots                  ]   no new
    [pai gow                            ]   no new

  [16:49:14] Saved 533/20,000 (2.7%)
  Waiting 2s...

--- Round 24 --- (total: 533 / 20,000)
    [roulette                           ]   no new
    [3 card poker                       ]   no new
    [lottery                            ]   no new
    [poker sites                        ]   no new
    [casino apps                        ]   no new
    [online gambling                    ]   no new
    [vegas casino                       ]   no new
    [high stakes                        ]   no new
    [online casino                      ]   no new
    [free spins                         ]   no new
    [pokerstars                         ]   no new
    [betting exchange                   ]   no new
    [casino USA                         ]   no new
    [casino in macau                    ]   no new
    [sports betting                     ]   no new
    [bovada                             ]   no new
    [minimum deposit casino             ]   no new
    [casino no deposit                  ]   no new
    [casino UK                          ]   no new
    [casino Australia                   ]   no new

  [16:49:25] Saved 533/20,000 (2.7%)
  [!] Reshuffled keywords to find fresh results...
  Waiting 2s...

--- Round 25 --- (total: 533 / 20,000)
    [online casino reviews              ]   no new
    [casino review                      ]   no new
    [lottery                            ]   no new
    [casino India                       ]   no new
    [casino tips                        ]   no new
    [high stakes                        ]   no new
    [ladbrokes                          ]   no new
    [casino Canada                      ]   no new
    [casino                             ]   no new
    [how to play casino                 ]   no new
    [low deposit casino                 ]   no new
    [instant withdrawal                 ]   no new
    [trusted casino                     ]   no new
    [3 card poker                       ]   no new
    [betting strategy                   ]   no new
    [online sportsbook                  ]   no new
    [baccarat online                    ]   no new
    [pokerstars                         ]   no new
    [free casino games                  ]   no new
    [baccarat                           ]   no new

  [16:49:36] Saved 533/20,000 (2.7%)
  Waiting 2s...

--- Round 26 --- (total: 533 / 20,000)
    [22bet                              ]   no new
    [bwin                               ]   no new
    [casino comparison                  ]   no new
    [football betting                   ]   no new
    [blackjack online                   ]   no new
    [live dealer                        ]   no new
    [bet365                             ]   no new
    [live roulette                      ]   no new
    [live casino                        ]   no new
    [bovada                             ]   no new
    [play slots                         ]   no new
    [casino USA                         ]   no new
    [unibet                             ]   no new
    [casino France                      ]   no new
    [video poker                        ]   no new
    [play blackjack                     ]   no new
    [casino welcome bonus               ]   no new
    [casino no deposit                  ]   no new
    [casino sign up bonus               ]   no new
    [blackjack                          ]   no new

  [16:49:46] Saved 533/20,000 (2.7%)
  Waiting 2s...

--- Round 27 --- (total: 533 / 20,000)
    [top online casinos                 ]   no new
    [blackjack strategy                 ]   no new
    [roulette strategy                  ]   no new
    [betfair                            ]   no new
    [sic bo                             ]   no new
    [bingo                              ]   no new
    [online gambling                    ]   no new
    [welcome bonus                      ]   no new
    [william hill                       ]   no new
    [crypto casino                      ]   no new
    [craps                              ]   no new
    [betting exchange                   ]   no new
    [online slots                       ]   no new
    [betonline                          ]   no new
    [horse racing betting               ]   no new
    [jackpot                            ]   no new
    [poker                              ]   no new
    [live baccarat                      ]   no new
    [sbobet                             ]   no new
    [gambling                           ]   no new

  [16:49:56] Saved 533/20,000 (2.7%)
  [!] Reshuffled keywords to find fresh results...
  Waiting 2s...

--- Round 28 --- (total: 533 / 20,000)
    [caribbean stud                     ]   no new
    [minimum deposit casino             ]   no new
    [deposit bonus                      ]   no new
    [casino Germany                     ]   no new
    [bwin                               ]   no new
    [vegas casino                       ]   no new
    [roulette online                    ]   no new
    [casino apps                        ]   no new
    [slot tournament                    ]   no new
    [pai gow                            ]   no new
    [casino in goa                      ]   no new
    [bovada                             ]   no new
    [andar bahar                        ]   no new
    [online gambling                    ]   no new
    [video poker                        ]   no new
    [teen patti                         ]   no new
    [22bet                              ]   no new
    [sports betting                     ]   no new
    [betway                             ]   no new
    [betting sites                      ]   no new

  [16:50:06] Saved 533/20,000 (2.7%)
  Waiting 2s...

--- Round 29 --- (total: 533 / 20,000)
    [poker                              ]   no new
    [how to play casino                 ]   no new
    [vip casino                         ]   no new
    [casino in macau                    ]   no new
    [online casino                      ]   no new
    [mobile casino                      ]   no new
    [draftkings                         ]   no new
    [casino France                      ]   no new
    [roulette                           ]   no new
    [casino tournament                  ]   no new
    [progressive slots                  ]   no new
    [poker online                       ]   no new
    [william hill                       ]   no new
    [welcome bonus                      ]   no new
    [free casino games                  ]   no new
    [fast payout casino                 ]   no new
    [trusted casino                     ]   no new
    [fanduel                            ]   no new
    [jackpot                            ]   no new
    [casino UK                          ]   no new

  [16:50:17] Saved 533/20,000 (2.7%)
  Waiting 2s...

--- Round 30 --- (total: 533 / 20,000)
    [dragon tiger                       ]   no new
    [live roulette                      ]   no new
    [baccarat                           ]   no new
    [sbobet                             ]   no new
    [paddy power                        ]   no new
    [low deposit casino                 ]   no new
    [casino USA                         ]   no new
    [online poker                       ]   no new
    [casino site                        ]   no new
    [casino comparison                  ]   no new
    [casino no deposit                  ]   no new
    [instant withdrawal                 ]   no new
    [baccarat online                    ]   no new
    [gambling site                      ]   no new
    [casino guide                       ]   no new
    [casino bonus                       ]   no new
    [live dealer                        ]   no new
    [casino games                       ]   no new
    [high roller casino                 ]   no new
    [slot machines                      ]   no new

  [16:50:29] Saved 533/20,000 (2.7%)
  [!] Reshuffled keywords to find fresh results...
  Waiting 2s...

--- Round 31 --- (total: 533 / 20,000)
    [casino guide                       ]   no new
    [pokerstars                         ]   no new
    [keno                               ]   no new
    [sports betting                     ]   no new
    [online poker                       ]   no new
    [betting strategy                   ]   no new
    [caribbean stud                     ]   no new
    [online casino                      ]   no new
    [poker tournament                   ]   no new
    [crypto casino                      ]   no new
    [top online casinos                 ]   no new
    [play slots                         ]   no new
    [casino Australia                   ]   no new
    [william hill                       ]   no new
    [lottery                            ]   no new
    [poker tournaments                  ]   no new
    [bitcoin casino                     ]   no new
    [betfair                            ]   no new
    [online gambling                    ]   no new
    [bwin                               ]   no new

  [16:50:40] Saved 533/20,000 (2.7%)
  Waiting 2s...

--- Round 32 --- (total: 533 / 20,000)
    [legit casino                       ]   no new
    [casino Germany                     ]   no new
    [baccarat online                    ]   no new
    [new casino                         ]   no new
    [vip casino                         ]   no new
    [poker strategy                     ]   no new
    [roulette strategy                  ]   no new
    [poker sites                        ]   no new
    [casino                             ]   no new
    [sbobet                             ]   no new
    [how to play casino                 ]   no new
    [best casino                        ]   no new
    [progressive slots                  ]   no new
    [blackjack                          ]   no new
    [online casino reviews              ]   no new
    [casino comparison                  ]   no new
    [high limit                         ]   no new
    [paddy power                        ]   no new
    [slot tournament                    ]   no new
    [casino welcome bonus               ]   no new

  [16:50:50] Saved 533/20,000 (2.7%)
  Waiting 2s...

--- Round 33 --- (total: 533 / 20,000)
    [partypoker                         ]   no new
    [live baccarat                      ]   no new
    [online slots                       ]   no new
    [1xbet                              ]   no new
    [casino site                        ]   no new
    [teen patti                         ]   no new
    [bovada                             ]   no new
    [trusted casino                     ]   no new
    [ladbrokes                          ]   no new
    [betway                             ]   no new
    [casino tournament                  ]   no new
    [casino UK                          ]   no new
    [betting exchange                   ]   no new
    [welcome bonus                      ]   no new
    [poker                              ]   no new
    [fanduel                            ]   no new
    [jackpot                            ]   no new
    [casino review                      ]   no new
    [unibet                             ]   no new
    [slots                              ]   no new

  [16:51:01] Saved 533/20,000 (2.7%)
  [!] Reshuffled keywords to find fresh results...
  Waiting 2s...

--- Round 34 --- (total: 533 / 20,000)
    [free casino games                  ]   no new
    [live blackjack                     ]   no new
    [trusted casino                     ]   no new
    [live roulette                      ]   no new
    [play roulette                      ]   no new
    [caribbean stud                     ]   no new
    [pai gow                            ]   no new
    [football betting                   ]   no new
    [vip casino                         ]   no new
    [unibet                             ]   no new
    [poker tournaments                  ]   no new
    [crypto casino                      ]   no new
    [keno                               ]   no new
    [low deposit casino                 ]   no new
    [slots                              ]   no new
    [betting exchange                   ]   no new
    [casino Australia                   ]   no new
    [deposit bonus                      ]   no new
    [poker tournament                   ]   no new
    [roulette                           ]   no new

  [16:51:11] Saved 533/20,000 (2.7%)
  Waiting 2s...

--- Round 35 --- (total: 533 / 20,000)
    [welcome bonus                      ]   no new
    [progressive slots                  ]   no new
    [casino 2026                        ]   no new
    [poker sites                        ]   no new
    [free spins                         ]   no new
    [slot machines                      ]   no new
    [fast payout casino                 ]   no new
    [lottery                            ]   no new
    [casino no deposit                  ]   no new
    [live casino                        ]   no new
    [casino Germany                     ]   no new
    [casino USA                         ]   no new
    [best online casino                 ]   no new
    [betway                             ]   no new
    [online sportsbook                  ]   no new
    [casino games                       ]   no new
    [blackjack strategy                 ]   no new
    [instant withdrawal                 ]   no new
    [bovada                             ]   no new
    [best casino                        ]   no new

  [16:51:21] Saved 533/20,000 (2.7%)
  Waiting 2s...

--- Round 36 --- (total: 533 / 20,000)
    [dragon tiger                       ]   no new
    [online gambling                    ]   no new
    [fanduel                            ]   no new
    [play slots                         ]   no new
    [andar bahar                        ]   no new
    [ladbrokes                          ]   no new
    [sbobet                             ]   no new
    [draftkings                         ]   no new
    [casino apps                        ]   no new
    [craps                              ]   no new
    [slot tournament                    ]   no new
    [live dealer                        ]   no new
    [how to play casino                 ]   no new
    [teen patti                         ]   no new
    [888casino                          ]   no new
    [pokerstars                         ]   no new
    [roulette online                    ]   no new
    [betting strategy                   ]   no new
    [high stakes                        ]   no new
    [casino comparison                  ]   no new

  [16:51:31] Saved 533/20,000 (2.7%)
  [!] Reshuffled keywords to find fresh results...
  Waiting 2s...

--- Round 37 --- (total: 533 / 20,000)
    [bingo                              ]   no new
    [roulette online                    ]   no new
    [casino review                      ]   no new
    [live baccarat                      ]   no new
    [gambling site                      ]   no new
    [poker online                       ]   no new
    [unibet                             ]   no new
    [online gambling                    ]   no new
    [live casino                        ]   no new
    [betway                             ]   no new
    [craps                              ]   no new
    [casino guide                       ]   no new
    [casino India                       ]   no new
    [live dealer                        ]   no new
    [poker sites                        ]   no new
    [casino site                        ]   no new
    [betting strategy                   ]   no new
    [casino USA                         ]   no new
    [caribbean stud                     ]   no new
    [ladbrokes                          ]   no new

  [16:51:42] Saved 533/20,000 (2.7%)
  Waiting 2s...

--- Round 38 --- (total: 533 / 20,000)
    [online casino reviews              ]   no new
    [jackpot                            ]   no new
    [play roulette                      ]   no new
    [high roller casino                 ]   no new
    [keno                               ]   no new
    [casino in macau                    ]   no new
    [william hill                       ]   no new
    [teen patti                         ]   no new
    [casino in goa                      ]   no new
    [slots                              ]   no new
    [casino Germany                     ]   no new
    [baccarat                           ]   no new
    [poker                              ]   no new
    [casino France                      ]   no new
    [fast payout casino                 ]   no new
    [1xbet                              ]   no new
    [poker tournament                   ]   no new
    [casino tournament                  ]   no new
    [casino welcome bonus               ]   no new
    [andar bahar                        ]   no new

  [16:51:53] Saved 533/20,000 (2.7%)
  Waiting 2s...

--- Round 39 --- (total: 533 / 20,000)
    [paddy power                        ]   no new
    [pai gow                            ]   no new
    [sbobet                             ]   no new
    [casino games                       ]   no new
    [top online casinos                 ]   no new
    [casino apps                        ]   no new
    [casino Australia                   ]   no new
    [casino UK                          ]   no new
    [vegas casino                       ]   no new
    [fanduel                            ]   no new
    [online poker                       ]   no new
    [football betting                   ]   no new
    [partypoker                         ]   no new
    [casino sign up bonus               ]   no new
    [888casino                          ]   no new
    [lottery                            ]   no new
    [draftkings                         ]   no new
    [online slots                       ]   no new
    [progressive slots                  ]   no new
    [trusted casino                     ]   no new

  [16:52:03] Saved 533/20,000 (2.7%)
  [!] Reshuffled keywords to find fresh results...
  Waiting 2s...

--- Round 40 --- (total: 533 / 20,000)
    [paddy power                        ]   no new
    [unibet                             ]   no new
    [betting strategy                   ]   no new
    [online slots                       ]   no new
    [bwin                               ]   no new
    [betonline                          ]   no new
    [best online casino                 ]   no new
    [casino tournament                  ]   no new
    [how to play casino                 ]   no new
    [betting sites                      ]   no new
    [casino welcome bonus               ]   no new
    [vegas casino                       ]   no new
    [minimum deposit casino             ]   no new
    [slot tournament                    ]   no new
    [roulette                           ]   no new
    [bet365                             ]   no new
    [football betting                   ]   no new
    [casino guide                       ]   no new
    [casino apps                        ]   no new
    [online gambling                    ]   no new

  [16:52:13] Saved 533/20,000 (2.7%)
  Waiting 2s...

--- Round 41 --- (total: 533 / 20,000)
    [casino Canada                      ]   no new
    [pai gow                            ]   no new
    [casino review                      ]   no new
    [casino Germany                     ]   no new
    [bitcoin casino                     ]   no new
    [vip casino                         ]   no new
    [play blackjack                     ]   no new
    [online poker                       ]   no new
    [slots                              ]   no new
    [online casino reviews              ]   no new
    [poker                              ]   no new
    [andar bahar                        ]   no new
    [free spins                         ]   no new
    [1xbet                              ]   no new
    [keno                               ]   no new
    [casino sign up bonus               ]   no new
    [betting exchange                   ]   no new
    [poker tournament                   ]   no new
    [casino bonus                       ]   no new
    [no deposit bonus                   ]   no new

  [16:52:23] Saved 533/20,000 (2.7%)
  Waiting 2s...

--- Round 42 --- (total: 533 / 20,000)
    [casino no deposit                  ]   no new
    [jackpot                            ]   no new
    [deposit bonus                      ]   no new
    [betway                             ]   no new
    [roulette online                    ]   no new
    [online casino                      ]   no new
    [free casino games                  ]   no new
    [best casino                        ]   no new
    [poker online                       ]   no new
    [casino games                       ]   no new
    [casino                             ]   no new
    [gambling site                      ]   no new
    [sbobet                             ]   no new
    [poker strategy                     ]   no new
    [online sportsbook                  ]   no new
    [top online casinos                 ]   no new
    [live roulette                      ]   no new
    [pokerstars                         ]   no new
    [dragon tiger                       ]   no new
    [casino comparison                  ]   no new

  [16:52:33] Saved 533/20,000 (2.7%)
  [!] Reshuffled keywords to find fresh results...
  Waiting 2s...

--- Round 43 --- (total: 533 / 20,000)
    [blackjack                          ]   no new
    [play roulette                      ]   no new
    [casino bonus                       ]   no new
    [betway                             ]   no new
    [keno                               ]   no new
    [online gambling                    ]   no new
    [how to play casino                 ]   no new
    [bovada                             ]   no new
    [roulette online                    ]   no new
    [roulette                           ]   no new
    [best casino                        ]   no new
    [top online casinos                 ]   no new
    [bet365                             ]   no new
    [vegas casino                       ]   no new
    [casino India                       ]   no new
    [play blackjack                     ]   no new
    [casino Australia                   ]   no new
    [betting strategy                   ]   no new
    [ladbrokes                          ]   no new
    [low deposit casino                 ]   no new

  [16:52:44] Saved 533/20,000 (2.7%)
  Waiting 2s...

--- Round 44 --- (total: 533 / 20,000)
    [live dealer                        ]   no new
    [casino USA                         ]   no new
    [trusted casino                     ]   no new
    [casino Germany                     ]   no new
    [dragon tiger                       ]   no new
    [casino sign up bonus               ]   no new
    [poker online                       ]   no new
    [fast payout casino                 ]   no new
    [paddy power                        ]   no new
    [slot machines                      ]   no new
    [sports betting                     ]   no new
    [poker                              ]   no new
    [poker strategy                     ]   no new
    [horse racing betting               ]   no new
    [1xbet                              ]   no new
    [casino                             ]   no new
    [online casino                      ]   no new
    [football betting                   ]   no new
    [poker tournament                   ]   no new
    [casino comparison                  ]   no new

  [16:52:53] Saved 533/20,000 (2.7%)
  Waiting 2s...

--- Round 45 --- (total: 533 / 20,000)
    [online sportsbook                  ]   no new
    [pokerstars                         ]   no new
    [slots                              ]   no new
    [sbobet                             ]   no new
    [legit casino                       ]   no new
    [craps                              ]   no new
    [partypoker                         ]   no new
    [vip casino                         ]   no new
    [888casino                          ]   no new
    [mobile casino                      ]   no new
    [baccarat                           ]   no new
    [high limit                         ]   no new
    [fanduel                            ]   no new
    [jackpot                            ]   no new
    [william hill                       ]   no new
    [best online casino                 ]   no new
    [live baccarat                      ]   no new
    [high stakes                        ]   no new
    [video poker                        ]   no new
    [draftkings                         ]   no new

  [16:53:04] Saved 533/20,000 (2.7%)
  [!] Reshuffled keywords to find fresh results...
  Waiting 2s...

--- Round 46 --- (total: 533 / 20,000)
    [casino games                       ]   no new
    [1xbet                              ]   no new
    [casino sign up bonus               ]   no new
    [888casino                          ]   no new
    [crypto casino                      ]   no new
    [how to play casino                 ]   no new
    [casino guide                       ]   no new
    [no deposit bonus                   ]   no new
    [sbobet                             ]   no new
    [online poker                       ]   no new
    [poker sites                        ]   no new
    [casino in macau                    ]   no new
    [low deposit casino                 ]   no new
    [high roller casino                 ]   no new
    [fanduel                            ]   no new
    [online casino reviews              ]   no new
    [bovada                             ]   no new
    [3 card poker                       ]   no new
    [play blackjack                     ]   no new
    [lottery                            ]   no new

  [16:53:14] Saved 533/20,000 (2.7%)
  Waiting 2s...

--- Round 47 --- (total: 533 / 20,000)
    [jackpot                            ]   no new
    [ladbrokes                          ]   no new
    [instant withdrawal                 ]   no new
    [new casino                         ]   no new
    [partypoker                         ]   no new
    [22bet                              ]   no new
    [slot machines                      ]   no new
    [deposit bonus                      ]   no new
    [betway                             ]   no new
    [craps                              ]   no new
    [online casino                      ]   no new
    [casino in goa                      ]   no new
    [casino Canada                      ]   no new
    [casino no deposit                  ]   no new
    [casino bonus                       ]   no new
    [free spins                         ]   no new
    [casino                             ]   no new
    [best online casino                 ]   no new
    [poker                              ]   no new
    [pai gow                            ]   no new

  [16:53:25] Saved 533/20,000 (2.7%)
  Waiting 2s...

--- Round 48 --- (total: 533 / 20,000)
    [play slots                         ]   no new
    [online gambling                    ]   no new
    [caribbean stud                     ]   no new
    [poker tournament                   ]   no new
    [unibet                             ]   no new
    [free casino games                  ]   no new
    [gambling                           ]   no new
    [bingo                              ]   no new
    [betting sites                      ]   no new
    [sports betting                     ]   no new
    [football betting                   ]   no new
    [roulette online                    ]   no new
    [casino review                      ]   no new
    [pokerstars                         ]   no new
    [casino tournament                  ]   no new
    [casino tips                        ]   no new
    [betting exchange                   ]   no new
    [gambling site                      ]   no new
    [casino site                        ]   no new
    [roulette strategy                  ]   no new

  [16:53:46] Saved 533/20,000 (2.7%)
  [!] Reshuffled keywords to find fresh results...
  Waiting 2s...

--- Round 49 --- (total: 533 / 20,000)
    [sports betting                     ]   no new
    [best online casino                 ]   no new
    [poker strategy                     ]   no new
    [betus                              ]   no new
    [casino in macau                    ]   no new
    [online casino reviews              ]   no new
    [play roulette                      ]   no new
    [unibet                             ]   no new
    [gambling                           ]   no new
    [casino apps                        ]   no new
    [fanduel                            ]   no new
    [baccarat                           ]   no new
    [mobile casino                      ]   no new
    [video poker                        ]   no new
    [live blackjack                     ]   no new
    [play blackjack                     ]   no new
    [casino site                        ]   no new
    [betonline                          ]   no new
    [sic bo                             ]   no new
    [roulette strategy                  ]   no new

  [16:53:56] Saved 533/20,000 (2.7%)
  Waiting 2s...

--- Round 50 --- (total: 533 / 20,000)
    [slot tournament                    ]   no new
    [roulette                           ]   no new
    [poker online                       ]   no new
    [jackpot                            ]   no new
    [legit casino                       ]   no new
    [trusted casino                     ]   no new
    [blackjack strategy                 ]   no new
    [teen patti                         ]   no new
    [casino in goa                      ]   no new
    [3 card poker                       ]   no new
    [live dealer                        ]   no new
    [casino no deposit                  ]   no new
    [paddy power                        ]   no new
    [poker sites                        ]   no new
    [casino Germany                     ]   no new
    [casino tournament                  ]   no new
    [best casino                        ]   no new
    [roulette online                    ]   no new
    [poker                              ]   no new
    [instant withdrawal                 ]   no new

  [16:54:07] Saved 533/20,000 (2.7%)
  Waiting 2s...

--- Round 51 --- (total: 533 / 20,000)
    [1xbet                              ]   no new
    [high limit                         ]   no new
    [casino review                      ]   no new
    [keno                               ]   no new
    [casino comparison                  ]   no new
    [caribbean stud                     ]   no new
    [william hill                       ]   no new
    [draftkings                         ]   no new
    [minimum deposit casino             ]   no new
    [sbobet                             ]   no new
    [ladbrokes                          ]   no new
    [slot machines                      ]   no new
    [slots                              ]   no new
    [bitcoin casino                     ]   no new
    [partypoker                         ]   no new
    [casino Canada                      ]   no new
    [pai gow                            ]   no new
    [live roulette                      ]   no new
    [bwin                               ]   no new
    [high stakes                        ]   no new

  [16:54:17] Saved 533/20,000 (2.7%)
  [!] Reshuffled keywords to find fresh results...
  Waiting 2s...

--- Round 52 --- (total: 533 / 20,000)
    [casino apps                        ]   no new
    [pai gow                            ]   no new
    [craps                              ]   no new
    [online casino                      ]   no new
    [free spins                         ]   no new
    [paddy power                        ]   no new
    [casino Australia                   ]   no new
    [best casino                        ]   no new
    [poker tournaments                  ]   no new
    [casino India                       ]   no new
    [dragon tiger                       ]   no new
    [betus                              ]   no new
    [online casino reviews              ]   no new
    [roulette strategy                  ]   no new
    [how to play casino                 ]   no new
    [high roller casino                 ]   no new
    [new casino                         ]   no new
    [casino welcome bonus               ]   no new
    [keno                               ]   no new
    [live blackjack                     ]   no new

  [16:54:27] Saved 533/20,000 (2.7%)
  Waiting 2s...

--- Round 53 --- (total: 533 / 20,000)
    [online gambling                    ]   no new
    [betting sites                      ]   no new
    [play slots                         ]   no new
    [high stakes                        ]   no new
    [progressive slots                  ]   no new
    [casino in macau                    ]   no new
    [betting exchange                   ]   no new
    [top online casinos                 ]   no new
    [unibet                             ]   no new
    [minimum deposit casino             ]   no new
    [22bet                              ]   no new
    [welcome bonus                      ]   no new
    [gambling                           ]   no new
    [online poker                       ]   no new
    [draftkings                         ]   no new
    [partypoker                         ]   no new
    [roulette online                    ]   no new
    [online sportsbook                  ]   no new
    [jackpot                            ]   no new
    [poker strategy                     ]   no new

  [16:54:37] Saved 533/20,000 (2.7%)
  Waiting 2s...

--- Round 54 --- (total: 533 / 20,000)
    [play roulette                      ]   no new
    [casino Germany                     ]   no new
    [slots                              ]   no new
    [baccarat                           ]   no new
    [live roulette                      ]   no new
    [casino site                        ]   no new
    [no deposit bonus                   ]   no new
    [teen patti                         ]   no new
    [bovada                             ]   no new
    [3 card poker                       ]   no new
    [casino bonus                       ]   no new
    [william hill                       ]   no new
    [poker                              ]   no new
    [blackjack                          ]   no new
    [casino France                      ]   no new
    [casino                             ]   no new
    [legit casino                       ]   no new
    [play blackjack                     ]   no new
    [live casino                        ]   no new
    [slot tournament                    ]   no new

  [16:54:47] Saved 533/20,000 (2.7%)
  [!] Reshuffled keywords to find fresh results...
  Waiting 2s...

--- Round 55 --- (total: 533 / 20,000)
    [casino in goa                      ]   no new
    [blackjack online                   ]   no new
    [play roulette                      ]   no new
    [poker online                       ]   no new
    [live dealer                        ]   no new
    [gambling                           ]   no new
    [how to play casino                 ]   no new
    [minimum deposit casino             ]   no new
    [bet365                             ]   no new
    [teen patti                         ]   no new
    [best casino                        ]   no new
    [trusted casino                     ]   no new
    [poker strategy                     ]   no new
    [online casino                      ]   no new
    [instant withdrawal                 ]   no new
    [casino comparison                  ]   no new
    [betfair                            ]   no new
    [slots                              ]   no new
    [casino Australia                   ]   no new
    [blackjack strategy                 ]   no new

  [16:54:56] Saved 533/20,000 (2.7%)
  Waiting 2s...

--- Round 56 --- (total: 533 / 20,000)
    [free spins                         ]   no new
    [casino site                        ]   no new
    [casino UK                          ]   no new
    [live blackjack                     ]   no new
    [partypoker                         ]   no new
    [casino tournament                  ]   no new
    [poker sites                        ]   no new
    [dragon tiger                       ]   no new
    [pokerstars                         ]   no new
    [high roller casino                 ]   no new
    [high limit                         ]   no new
    [fast payout casino                 ]   no new
    [slot tournament                    ]   no new
    [online gambling                    ]   no new
    [casino guide                       ]   no new
    [video poker                        ]   no new
    [mobile casino                      ]   no new
    [online slots                       ]   no new
    [progressive slots                  ]   no new
    [deposit bonus                      ]   no new

  [16:55:06] Saved 533/20,000 (2.7%)
  Waiting 2s...

--- Round 57 --- (total: 533 / 20,000)
    [caribbean stud                     ]   no new
    [crypto casino                      ]   no new
    [casino review                      ]   no new
    [paddy power                        ]   no new
    [online casino reviews              ]   no new
    [casino welcome bonus               ]   no new
    [casino France                      ]   no new
    [draftkings                         ]   no new
    [sbobet                             ]   no new
    [low deposit casino                 ]   no new
    [horse racing betting               ]   no new
    [betway                             ]   no new
    [unibet                             ]   no new
    [roulette                           ]   no new
    [1xbet                              ]   no new
    [casino tips                        ]   no new
    [fanduel                            ]   no new
    [gambling site                      ]   no new
    [sports betting                     ]   no new
    [free casino games                  ]   no new

  [16:55:18] Saved 533/20,000 (2.7%)
  [!] Reshuffled keywords to find fresh results...
  Waiting 2s...

--- Round 58 --- (total: 533 / 20,000)
    [andar bahar                        ]   no new
    [high limit                         ]   no new
    [betting strategy                   ]   no new
    [bet365                             ]   no new
    [betfair                            ]   no new
    [poker online                       ]   no new
    [lottery                            ]   no new
    [casino comparison                  ]   no new
    [trusted casino                     ]   no new
    [caribbean stud                     ]   no new
    [blackjack                          ]   no new
    [free casino games                  ]   no new
    [casino bonus                       ]   no new
    [ladbrokes                          ]   no new
    [betting exchange                   ]   no new
    [craps                              ]   no new
    [vip casino                         ]   no new
    [sbobet                             ]   no new
    [no deposit bonus                   ]   no new
    [legit casino                       ]   no new

  [16:55:29] Saved 533/20,000 (2.7%)
  Waiting 2s...

--- Round 59 --- (total: 533 / 20,000)
    [betway                             ]   no new
    [play roulette                      ]   no new
    [slot machines                      ]   no new
    [casino France                      ]   no new
    [football betting                   ]   no new
    [deposit bonus                      ]   no new
    [william hill                       ]   no new
    [poker sites                        ]   no new
    [draftkings                         ]   no new
    [casino USA                         ]   no new
    [casino games                       ]   no new
    [live casino                        ]   no new
    [online casino                      ]   no new
    [online poker                       ]   no new
    [poker strategy                     ]   no new
    [fast payout casino                 ]   no new
    [pai gow                            ]   no new
    [best online casino                 ]   no new
    [blackjack strategy                 ]   no new
    [roulette online                    ]   no new

  [16:55:40] Saved 533/20,000 (2.7%)
  Waiting 2s...

--- Round 60 --- (total: 533 / 20,000)
    [horse racing betting               ]   no new
    [online slots                       ]   no new
    [casino UK                          ]   no new
    [play slots                         ]   no new
    [live dealer                        ]   no new
    [casino in macau                    ]   no new
    [high roller casino                 ]   no new
    [sic bo                             ]   no new
    [live roulette                      ]   no new
    [keno                               ]   no new
    [bingo                              ]   no new
    [how to play casino                 ]   no new
    [free spins                         ]   no new
    [unibet                             ]   no new
    [welcome bonus                      ]   no new
    [vegas casino                       ]   no new
    [crypto casino                      ]   no new
    [online sportsbook                  ]   no new
    [play blackjack                     ]   no new
    [teen patti                         ]   no new

  [16:55:50] Saved 533/20,000 (2.7%)
  [!] Reshuffled keywords to find fresh results...
  Waiting 2s...

--- Round 61 --- (total: 533 / 20,000)
    [horse racing betting               ]   no new
    [casino in macau                    ]   no new
    [roulette strategy                  ]   no new
    [online sportsbook                  ]   no new
    [3 card poker                       ]   no new
    [football betting                   ]   no new
    [sic bo                             ]   no new
    [pai gow                            ]   no new
    [gambling                           ]   no new
    [trusted casino                     ]   no new
    [bovada                             ]   no new
    [william hill                       ]   no new
    [no deposit bonus                   ]   no new
    [top online casinos                 ]   no new
    [deposit bonus                      ]   no new
    [888casino                          ]   no new
    [slot tournament                    ]   no new
    [casino 2026                        ]   no new
    [keno                               ]   no new
    [fanduel                            ]   no new

  [16:56:02] Saved 533/20,000 (2.7%)
  Waiting 2s...

--- Round 62 --- (total: 533 / 20,000)
    [online gambling                    ]   no new
    [casino games                       ]   no new
    [casino in goa                      ]   no new
    [ladbrokes                          ]   no new
    [casino tips                        ]   no new
    [best online casino                 ]   no new
    [bwin                               ]   no new
    [how to play casino                 ]   no new
    [casino apps                        ]   no new
    [draftkings                         ]   no new
    [casino welcome bonus               ]   no new
    [slots                              ]   no new
    [live baccarat                      ]   no new
    [live blackjack                     ]   no new
    [free spins                         ]   no new
    [instant withdrawal                 ]   no new
    [betway                             ]   no new
    [poker online                       ]   no new
    [casino bonus                       ]   no new
    [live dealer                        ]   no new

  [16:56:14] Saved 533/20,000 (2.7%)
  Waiting 2s...

--- Round 63 --- (total: 533 / 20,000)
    [best casino                        ]   no new
    [casino review                      ]   no new
    [mobile casino                      ]   no new
    [baccarat online                    ]   no new
    [vip casino                         ]   no new
    [betting strategy                   ]   no new
    [betfair                            ]   no new
    [blackjack                          ]   no new
    [crypto casino                      ]   no new
    [unibet                             ]   no new
    [play roulette                      ]   no new
    [new casino                         ]   no new
    [betus                              ]   no new
    [casino tournament                  ]   no new
    [casino Canada                      ]   no new
    [22bet                              ]   no new
    [casino                             ]   no new
    [play blackjack                     ]   no new
    [free casino games                  ]   no new
    [roulette online                    ]   no new

  [16:56:24] Saved 533/20,000 (2.7%)
  [!] Reshuffled keywords to find fresh results...
  Waiting 2s...

--- Round 64 --- (total: 533 / 20,000)
    [casino no deposit                  ]   no new
    [sic bo                             ]   no new
    [best casino                        ]   no new
    [dragon tiger                       ]   no new
    [casino in macau                    ]   no new
    [betting strategy                   ]   no new
    [casino in goa                      ]   no new
    [sports betting                     ]   no new
    [roulette                           ]   no new
    [bovada                             ]   no new
    [casino Australia                   ]   no new
    [welcome bonus                      ]   no new
    [baccarat                           ]   no new
    [high stakes                        ]   no new
    [casino Germany                     ]   no new
    [poker tournament                   ]   no new
    [online casino reviews              ]   no new
    [andar bahar                        ]   no new
    [high limit                         ]   no new
    [casino apps                        ]   no new

  [16:56:34] Saved 533/20,000 (2.7%)
  Waiting 2s...

--- Round 65 --- (total: 533 / 20,000)
    [bet365                             ]   no new
    [live roulette                      ]   no new
    [jackpot                            ]   no new
    [casino welcome bonus               ]   no new
    [draftkings                         ]   no new
    [high roller casino                 ]   no new
    [pai gow                            ]   no new
    [casino Canada                      ]   no new
    [pokerstars                         ]   no new
    [paddy power                        ]   no new
    [casino site                        ]   no new
    [casino 2026                        ]   no new
    [poker online                       ]   no new
    [horse racing betting               ]   no new
    [fast payout casino                 ]   no new
    [play roulette                      ]   no new
    [casino bonus                       ]   no new
    [online casino 2026                 ]   no new
    [casino sign up bonus               ]   no new
    [3 card poker                       ]   no new

  [16:56:44] Saved 533/20,000 (2.7%)
  Waiting 2s...

--- Round 66 --- (total: 533 / 20,000)
    [football betting                   ]   no new
    [casino India                       ]   no new
    [best online casino                 ]   no new
    [baccarat online                    ]   no new
    [keno                               ]   no new
    [live blackjack                     ]   no new
    [roulette online                    ]   no new
    [vip casino                         ]   no new
    [live casino                        ]   no new
    [caribbean stud                     ]   no new
    [bwin                               ]   no new
    [betting exchange                   ]   no new
    [video poker                        ]   no new
    [free spins                         ]   no new
    [play slots                         ]   no new
    [instant withdrawal                 ]   no new
    [no deposit bonus                   ]   no new
    [william hill                       ] + 3 new (total:  8 found)
    [casino guide                       ]   no new
    [slot tournament                    ]   no new

  [16:56:55] Saved 536/20,000 (2.7%)
  Waiting 2s...

--- Round 67 --- (total: 536 / 20,000)
    [blackjack online                   ]   no new
    [teen patti                         ]   no new
    [trusted casino                     ]   no new
    [betway                             ]   no new
    [poker strategy                     ]   no new
    [poker sites                        ]   no new
    [blackjack                          ]   no new
    [casino UK                          ]   no new
    [poker                              ]   no new
    [free casino games                  ]   no new
    [gambling                           ]   no new
    [casino France                      ]   no new
    [mobile casino                      ]   no new
    [minimum deposit casino             ]   no new
    [slots                              ]   no new
    [betting sites                      ]   no new
    [betonline                          ]   no new
    [legit casino                       ]   no new
    [betfair                            ]   no new
    [casino USA                         ]   no new

  [16:57:05] Saved 536/20,000 (2.7%)
  Waiting 2s...

--- Round 68 --- (total: 536 / 20,000)
    [vegas casino                       ]   no new
    [progressive slots                  ]   no new
    [casino review                      ]   no new
    [slot machines                      ]   no new
    [online poker                       ]   no new
    [online gambling                    ]   no new
    [top online casinos                 ]   no new
    [roulette strategy                  ]   no new
    [sbobet                             ]   no new
    [casino tournament                  ]   no new
    [new casino                         ]   no new
    [blackjack strategy                 ]   no new
    [betus                              ]   no new
    [online casino                      ]   no new
    [1xbet                              ]   no new
    [play blackjack                     ]   no new
    [bingo                              ]   no new
    [fanduel                            ]   no new
    [partypoker                         ]   no new
    [casino tips                        ]   no new

  [16:57:15] Saved 536/20,000 (2.7%)
  Waiting 2s...

--- Round 69 --- (total: 536 / 20,000)
    [deposit bonus                      ]   no new
    [lottery                            ]   no new
    [online slots                       ]   no new
    [casino                             ]   no new
    [unibet                             ]   no new
    [bitcoin casino                     ]   no new
    [ladbrokes                          ]   no new
    [low deposit casino                 ]   no new
    [live baccarat                      ]   no new
    [poker tournaments                  ]   no new
    [live dealer                        ]   no new
    [casino games                       ]   no new
    [casino comparison                  ]   no new
    [online sportsbook                  ]   no new
    [craps                              ]   no new
    [how to play casino                 ]   no new
    [crypto casino                      ]   no new
    [888casino                          ]   no new
    [gambling site                      ]   no new
    [22bet                              ]   no new

  [16:57:25] Saved 536/20,000 (2.7%)
  [!] Reshuffled keywords to find fresh results...
  Waiting 2s...

--- Round 70 --- (total: 536 / 20,000)
    [live roulette                      ]   no new
    [sic bo                             ]   no new
    [1xbet                              ]   no new
    [casino India                       ]   no new
    [no deposit bonus                   ]   no new
    [888casino                          ]   no new
    [blackjack                          ]   no new
    [trusted casino                     ]   no new
    [bitcoin casino                     ]   no new
    [online sportsbook                  ]   no new
    [instant withdrawal                 ]   no new
    [vip casino                         ]   no new
    [poker tournaments                  ]   no new
    [poker                              ]   no new
    [poker strategy                     ]   no new
    [casino comparison                  ]   no new
    [live dealer                        ]   no new
    [bet365                             ]   no new
    [casino USA                         ]   no new
    [deposit bonus                      ]   no new

  [16:57:35] Saved 536/20,000 (2.7%)
  Waiting 2s...

--- Round 71 --- (total: 536 / 20,000)
    [free casino games                  ]   no new
    [poker online                       ]   no new
    [caribbean stud                     ]   no new
    [casino guide                       ]   no new
    [betus                              ]   no new
    [blackjack strategy                 ]   no new
    [ladbrokes                          ]   no new
    [casino sign up bonus               ]   no new
    [pai gow                            ]   no new
    [football betting                   ]   no new
    [teen patti                         ]   no new
    [casino 2026                        ]   no new
    [betting strategy                   ]   no new
    [horse racing betting               ]   no new
    [casino UK                          ]   no new
    [casino games                       ]   no new
    [draftkings                         ]   no new
    [bingo                              ]   no new
    [play roulette                      ]   no new
    [crypto casino                      ]   no new

  [16:57:45] Saved 536/20,000 (2.7%)
  Waiting 2s...

--- Round 72 --- (total: 536 / 20,000)
    [blackjack online                   ]   no new
    [live baccarat                      ]   no new
    [online casino reviews              ]   no new
    [casino welcome bonus               ]   no new
    [high limit                         ]   no new
    [unibet                             ]   no new
    [free spins                         ]   no new
    [top online casinos                 ]   no new
    [jackpot                            ]   no new
    [casino France                      ]   no new
    [roulette online                    ]   no new
    [casino tips                        ]   no new
    [gambling site                      ]   no new
    [live casino                        ]   no new
    [bwin                               ]   no new
    [betting exchange                   ]   no new
    [poker sites                        ]   no new
    [casino in goa                      ]   no new
    [paddy power                        ]   no new
    [welcome bonus                      ]   no new

  [16:57:54] Saved 536/20,000 (2.7%)
  [!] Reshuffled keywords to find fresh results...
  Waiting 2s...

--- Round 73 --- (total: 536 / 20,000)
    [casino apps                        ]   no new
    [top online casinos                 ]   no new
    [teen patti                         ]   no new
    [casino Germany                     ]   no new
    [bovada                             ]   no new
    [poker online                       ]   no new
    [no deposit bonus                   ]   no new
    [welcome bonus                      ]   no new
    [unibet                             ]   no new
    [online poker                       ]   no new
    [free casino games                  ]   no new
    [mobile casino                      ]   no new
    [live casino                        ]   no new
    [horse racing betting               ]   no new
    [casino in macau                    ]   no new
    [casino welcome bonus               ]   no new
    [casino games                       ]   no new
    [betonline                          ]   no new
    [online casino                      ]   no new
    [online sportsbook                  ]   no new

  [16:58:04] Saved 536/20,000 (2.7%)
  Waiting 2s...

--- Round 74 --- (total: 536 / 20,000)
    [live dealer                        ]   no new
    [play slots                         ]   no new
    [baccarat                           ]   no new
    [roulette strategy                  ]   no new
    [casino Australia                   ]   no new
    [high stakes                        ]   no new
    [pai gow                            ]   no new
    [3 card poker                       ]   no new
    [betting exchange                   ]   no new
    [instant withdrawal                 ]   no new
    [caribbean stud                     ]   no new
    [crypto casino                      ]   no new
    [casino France                      ]   no new
    [poker strategy                     ]   no new
    [minimum deposit casino             ]   no new
    [dragon tiger                       ]   no new
    [sic bo                             ]   no new
    [casino Canada                      ]   no new
    [ladbrokes                          ]   no new
    [casino                             ]   no new

  [16:58:14] Saved 536/20,000 (2.7%)
  Waiting 2s...

--- Round 75 --- (total: 536 / 20,000)
    [video poker                        ]   no new
    [casino bonus                       ]   no new
    [jackpot                            ]   no new
    [casino 2026                        ]   no new
    [slots                              ]   no new
    [casino tournament                  ]   no new
    [casino comparison                  ]   no new
    [pokerstars                         ]   no new
    [gambling site                      ]   no new
    [play blackjack                     ]   no new
    [deposit bonus                      ]   no new
    [draftkings                         ]   no new
    [fanduel                            ]   no new
    [best online casino                 ]   no new
    [betway                             ]   no new
    [progressive slots                  ]   no new
    [casino USA                         ]   no new
    [best casino                        ]   no new
    [sbobet                             ]   no new
    [casino in goa                      ]   no new

  [16:58:24] Saved 536/20,000 (2.7%)
  [!] Reshuffled keywords to find fresh results...
  Waiting 2s...

--- Round 76 --- (total: 536 / 20,000)
    [casino welcome bonus               ]   no new
    [live blackjack                     ]   no new
    [free casino games                  ]   no new
    [pai gow                            ]   no new
    [sic bo                             ]   no new
    [best online casino                 ]   no new
    [partypoker                         ]   no new
    [betonline                          ]   no new
    [caribbean stud                     ]   no new
    [online casino 2026                 ]   no new
    [casino tournament                  ]   no new
    [roulette strategy                  ]   no new
    [baccarat online                    ]   no new
    [bovada                             ]   no new
    [blackjack                          ]   no new
    [casino in goa                      ]   no new
    [bet365                             ]   no new
    [video poker                        ]   no new
    [new casino                         ]   no new
    [fanduel                            ]   no new

  [16:58:35] Saved 536/20,000 (2.7%)
  Waiting 2s...

--- Round 77 --- (total: 536 / 20,000)
    [betway                             ]   no new
    [roulette online                    ]   no new
    [minimum deposit casino             ]   no new
    [play roulette                      ]   no new
    [poker                              ]   no new
    [888casino                          ]   no new
    [slots                              ]   no new
    [roulette                           ]   no new
    [poker strategy                     ]   no new
    [casino bonus                       ]   no new
    [betting exchange                   ]   no new
    [online casino reviews              ]   no new
    [progressive slots                  ]   no new
    [live casino                        ]   no new
    [jackpot                            ]   no new
    [casino Germany                     ]   no new
    [deposit bonus                      ]   no new
    [football betting                   ]   no new
    [casino site                        ]   no new
    [play slots                         ]   no new

  [16:58:44] Saved 536/20,000 (2.7%)
  Waiting 2s...

--- Round 78 --- (total: 536 / 20,000)
    [pokerstars                         ]   no new
    [1xbet                              ]   no new
    [bingo                              ]   no new
    [casino apps                        ]   no new
    [casino comparison                  ]   no new
    [high limit                         ]   no new
    [low deposit casino                 ]   no new
    [online slots                       ]   no new
    [horse racing betting               ]   no new
    [casino sign up bonus               ]   no new
    [sbobet                             ]   no new
    [crypto casino                      ]   no new
    [unibet                             ]   no new
    [dragon tiger                       ]   no new
    [poker tournaments                  ]   no new
    [slot tournament                    ]   no new
    [lottery                            ]   no new
    [gambling site                      ]   no new
    [casino                             ]   no new
    [andar bahar                        ]   no new

  [16:58:54] Saved 536/20,000 (2.7%)
  [!] Reshuffled keywords to find fresh results...
  Waiting 2s...

--- Round 79 --- (total: 536 / 20,000)
    [baccarat online                    ]   no new
    [gambling                           ]   no new
    [casino UK                          ]   no new
    [22bet                              ]   no new
    [best casino                        ]   no new
    [horse racing betting               ]   no new
    [unibet                             ]   no new
    [play roulette                      ]   no new
    [betonline                          ]   no new
    [gambling site                      ]   no new
    [blackjack strategy                 ]   no new
    [casino comparison                  ]   no new
    [best online casino                 ]   no new
    [high stakes                        ]   no new
    [roulette                           ]   no new
    [slot machines                      ]   no new
    [slots                              ]   no new
    [online sportsbook                  ]   no new
    [casino no deposit                  ]   no new
    [online casino 2026                 ]   no new

  [16:59:04] Saved 536/20,000 (2.7%)
  Waiting 2s...

--- Round 80 --- (total: 536 / 20,000)
    [pokerstars                         ]   no new
    [poker strategy                     ]   no new
    [casino sign up bonus               ]   no new
    [andar bahar                        ]   no new
    [casino bonus                       ]   no new
    [blackjack online                   ]   no new
    [mobile casino                      ]   no new
    [paddy power                        ]   no new
    [video poker                        ]   no new
    [casino France                      ]   no new
    [top online casinos                 ]   no new
    [casino tips                        ]   no new
    [888casino                          ]   no new
    [minimum deposit casino             ]   no new
    [casino                             ]   no new
    [casino games                       ]   no new
    [casino Germany                     ]   no new
    [jackpot                            ]   no new
    [casino in macau                    ]   no new
    [high roller casino                 ]   no new

  [16:59:13] Saved 536/20,000 (2.7%)
  Waiting 2s...

--- Round 81 --- (total: 536 / 20,000)
    [betting strategy                   ]   no new
    [keno                               ]   no new
    [online casino                      ]   no new
    [vegas casino                       ]   no new
    [bet365                             ]   no new
    [sports betting                     ]   no new
    [dragon tiger                       ]   no new
    [free spins                         ]   no new
    [poker tournaments                  ]   no new
    [high limit                         ]   no new
    [welcome bonus                      ]   no new
    [live dealer                        ]   no new
    [betway                             ]   no new
    [pai gow                            ]   no new
    [live blackjack                     ]   no new
    [online slots                       ]   no new
    [legit casino                       ]   no new
    [no deposit bonus                   ]   no new
    [poker tournament                   ]   no new
    [partypoker                         ]   no new

  [16:59:23] Saved 536/20,000 (2.7%)
  [!] Reshuffled keywords to find fresh results...
  Waiting 2s...

--- Round 82 --- (total: 536 / 20,000)
    [how to play casino                 ]   no new
    [poker                              ]   no new
    [live casino                        ]   no new
    [sic bo                             ]   no new
    [casino USA                         ]   no new
    [bwin                               ]   no new
    [video poker                        ]   no new
    [casino welcome bonus               ]   no new
    [jackpot                            ]   no new
    [live blackjack                     ]   no new
    [best online casino                 ]   no new
    [bovada                             ]   no new
    [roulette                           ]   no new
    [betfair                            ]   no new
    [bitcoin casino                     ]   no new
    [high roller casino                 ]   no new
    [play slots                         ]   no new
    [betway                             ]   no new
    [22bet                              ]   no new
    [casino site                        ]   no new

  [16:59:34] Saved 536/20,000 (2.7%)
  Waiting 2s...

--- Round 83 --- (total: 536 / 20,000)
    [william hill                       ]   no new
    [888casino                          ]   no new
    [unibet                             ]   no new
    [casino in macau                    ]   no new
    [live baccarat                      ]   no new
    [craps                              ]   no new
    [betting exchange                   ]   no new
    [poker tournaments                  ]   no new
    [draftkings                         ]   no new
    [online gambling                    ]   no new
    [gambling site                      ]   no new
    [casino tournament                  ]   no new
    [betus                              ]   no new
    [welcome bonus                      ]   no new
    [blackjack online                   ]   no new
    [betonline                          ]   no new
    [casino bonus                       ]   no new
    [low deposit casino                 ]   no new
    [1xbet                              ]   no new
    [casino tips                        ]   no new

  [16:59:44] Saved 536/20,000 (2.7%)
  Waiting 2s...

--- Round 84 --- (total: 536 / 20,000)
    [online sportsbook                  ]   no new
    [keno                               ]   no new
    [casino                             ]   no new
    [sbobet                             ]   no new
    [gambling                           ]   no new
    [online poker                       ]   no new
    [casino Canada                      ]   no new
    [mobile casino                      ]   no new
    [slot tournament                    ]   no new
    [casino games                       ]   no new
    [slot machines                      ]   no new
    [casino comparison                  ]   no new
    [minimum deposit casino             ]   no new
    [bingo                              ]   no new
    [online casino                      ]   no new
    [paddy power                        ]   no new
    [top online casinos                 ]   no new
    [poker sites                        ]   no new
    [progressive slots                  ]   no new
    [live roulette                      ]   no new

  [16:59:55] Saved 536/20,000 (2.7%)
  [!] Reshuffled keywords to find fresh results...
  Waiting 2s...

--- Round 85 --- (total: 536 / 20,000)
    [progressive slots                  ]   no new
    [bet365                             ]   no new
    [ladbrokes                          ]   no new
    [casino 2026                        ]   no new
    [casino games                       ]   no new
    [online sportsbook                  ]   no new
    [online poker                       ]   no new
    [bitcoin casino                     ]   no new
    [betus                              ]   no new
    [andar bahar                        ]   no new
    [deposit bonus                      ]   no new
    [low deposit casino                 ]   no new
    [casino UK                          ]   no new
    [welcome bonus                      ]   no new
    [casino welcome bonus               ]   no new
    [casino site                        ]   no new
    [poker tournament                   ]   no new
    [play slots                         ]   no new
    [casino Germany                     ]   no new
    [online casino                      ]   no new

  [17:00:05] Saved 536/20,000 (2.7%)
  Waiting 2s...

--- Round 86 --- (total: 536 / 20,000)
    [jackpot                            ]   no new
    [roulette strategy                  ]   no new
    [betting sites                      ]   no new
    [1xbet                              ]   no new
    [sports betting                     ]   no new
    [caribbean stud                     ]   no new
    [paddy power                        ]   no new
    [slot tournament                    ]   no new
    [high stakes                        ]   no new
    [online casino reviews              ]   no new
    [slot machines                      ]   no new
    [baccarat online                    ]   no new
    [online casino 2026                 ]   no new
    [casino in macau                    ]   no new
    [blackjack strategy                 ]   no new
    [how to play casino                 ]   no new
    [22bet                              ]   no new
    [bovada                             ]   no new
    [live baccarat                      ]   no new
    [online slots                       ]   no new

  [17:00:15] Saved 536/20,000 (2.7%)
  Waiting 2s...

--- Round 87 --- (total: 536 / 20,000)
    [poker online                       ]   no new
    [video poker                        ]   no new
    [poker sites                        ]   no new
    [casino guide                       ]   no new
    [roulette                           ]   no new
    [casino France                      ]   no new
    [live casino                        ]   no new
    [best casino                        ]   no new
    [gambling                           ]   no new
    [casino bonus                       ]   no new
    [keno                               ]   no new
    [draftkings                         ] + 1 new (total:  4 found)
    [fast payout casino                 ]   no new
    [football betting                   ]   no new